******************************************************************************
                  MSP430 Linker PC v21.6.1                     
******************************************************************************
>> Linked Mon May 26 10:37:22 2025

OUTPUT FILE NAME:   <Deneme5.out>
ENTRY POINT SYMBOL: "_c_int00_noargs"  address: 0000c448


MEMORY CONFIGURATION

         name            origin    length      used     unused   attr    fill
----------------------  --------  ---------  --------  --------  ----  --------
  SFR                   00000000   00000010  00000000  00000010  RWIX
  PERIPHERALS_8BIT      00000010   000000f0  00000000  000000f0  RWIX
  PERIPHERALS_16BIT     00000100   00000100  00000000  00000100  RWIX
  RAM                   00000200   00000200  0000007a  00000186  RWIX
  INFOD                 00001000   00000040  00000000  00000040  RWIX
  INFOC                 00001040   00000040  00000000  00000040  RWIX
  INFOB                 00001080   00000040  00000000  00000040  RWIX
  INFOA                 000010c0   00000040  00000000  00000040  RWIX
  FLASH                 0000c000   00003fde  0000050e  00003ad0  RWIX
  BSLSIGNATURE          0000ffde   00000002  00000002  00000000  RWIX  ffff 
  INT00                 0000ffe0   00000002  00000002  00000000  RWIX
  INT01                 0000ffe2   00000002  00000000  00000002  RWIX
  INT02                 0000ffe4   00000002  00000002  00000000  RWIX
  INT03                 0000ffe6   00000002  00000002  00000000  RWIX
  INT04                 0000ffe8   00000002  00000000  00000002  RWIX
  INT05                 0000ffea   00000002  00000002  00000000  RWIX
  INT06                 0000ffec   00000002  00000002  00000000  RWIX
  INT07                 0000ffee   00000002  00000002  00000000  RWIX
  INT08                 0000fff0   00000002  00000002  00000000  RWIX
  INT09                 0000fff2   00000002  00000002  00000000  RWIX
  INT10                 0000fff4   00000002  00000002  00000000  RWIX
  INT11                 0000fff6   00000002  00000002  00000000  RWIX
  INT12                 0000fff8   00000002  00000002  00000000  RWIX
  INT13                 0000fffa   00000002  00000002  00000000  RWIX
  INT14                 0000fffc   00000002  00000002  00000000  RWIX
  RESET                 0000fffe   00000002  00000002  00000000  RWIX


SECTION ALLOCATION MAP

 output                                  attributes/
section   page    origin      length       input sections
--------  ----  ----------  ----------   ----------------
.data      0    00000200    0000002a     UNINITIALIZED
                  00000200    00000010     main.obj (.data:adc_buffer)
                  00000210    0000000e     main.obj (.data)
                  0000021e    0000000c     main.obj (.data:bpm_history)

.stack     0    000003b0    00000050     UNINITIALIZED
                  000003b0    00000002     rts430_eabi.lib : boot.c.obj (.stack)
                  000003b2    0000004e     --HOLE--

.text      0    0000c000    000004fe     
                  0000c000    00000100     main.obj (.text:main)
                  0000c100    000000ee     main.obj (.text:send_bpm)
                  0000c1ee    0000007c     rts430_eabi.lib : copy_decompress_lzss.c.obj (.text:decompress:lzss:__TI_decompress_lzss)
                  0000c26a    0000005c                     : lsr32.asm.obj (.text:l_lsr_const)
                  0000c2c6    00000058                     : div32u.asm.obj (.text)
                  0000c31e    0000004c                     : lsr16.asm.obj (.text)
                  0000c36a    00000042                     : autoinit.c.obj (.text:__TI_auto_init_nobinit_nopinit:__TI_auto_init_nobinit_nopinit)
                  0000c3ac    0000002c                     : lsl16.asm.obj (.text)
                  0000c3d8    0000002a     main.obj (.text:get_bpm_average)
                  0000c402    00000026     main.obj (.text:setup_uart)
                  0000c428    00000020     main.obj (.text:get_smoothed_adc)
                  0000c448    0000001c     rts430_eabi.lib : boot.c.obj (.text:_c_int00_noargs)
                  0000c464    00000016                     : div16u.asm.obj (.text)
                  0000c47a    00000014     main.obj (.text:setup_timer)
                  0000c48e    00000012     rts430_eabi.lib : copy_decompress_none.c.obj (.text:decompress:none:__TI_decompress_none)
                  0000c4a0    00000012                     : memcpy.c.obj (.text:memcpy)
                  0000c4b2    00000012     main.obj (.text:uart_send_string)
                  0000c4c4    00000010     rts430_eabi.lib : epilog.asm.obj (.text)
                  0000c4d4    0000000c     main.obj (.text:uart_send_char)
                  0000c4e0    0000000a     main.obj (.text:Timer_A_ISR)
                  0000c4ea    00000008     rts430_eabi.lib : isr_trap.asm.obj (.text:_isr:__TI_ISR_TRAP)
                  0000c4f2    00000006                     : exit.c.obj (.text:abort)
                  0000c4f8    00000004                     : pre_init.c.obj (.text:_system_pre_init)
                  0000c4fc    00000002                     : startup.c.obj (.text:_system_post_cinit)

.cinit     0    0000c4fe    00000010     
                  0000c4fe    00000008     (.cinit..data.load) [load image, compression = lzss]
                  0000c506    00000004     (__TI_handler_table)
                  0000c50a    00000004     (__TI_cinit_table)

.binit     0    0000c000    00000000     

.init_array 
*          0    0000c000    00000000     UNINITIALIZED

TRAPINT    0    0000ffe0    00000002     
                  0000ffe0    00000002     rts430_eabi.lib : int00.asm.obj (.int00)

PORT1      0    0000ffe4    00000002     
                  0000ffe4    00000002     rts430_eabi.lib : int02.asm.obj (.int02)

PORT2      0    0000ffe6    00000002     
                  0000ffe6    00000002     rts430_eabi.lib : int03.asm.obj (.int03)

ADC10      0    0000ffea    00000002     
                  0000ffea    00000002     rts430_eabi.lib : int05.asm.obj (.int05)

USCIAB0TX 
*          0    0000ffec    00000002     
                  0000ffec    00000002     rts430_eabi.lib : int06.asm.obj (.int06)

USCIAB0RX 
*          0    0000ffee    00000002     
                  0000ffee    00000002     rts430_eabi.lib : int07.asm.obj (.int07)

TIMER0_A1 
*          0    0000fff0    00000002     
                  0000fff0    00000002     rts430_eabi.lib : int08.asm.obj (.int08)

TIMER0_A0 
*          0    0000fff2    00000002     
                  0000fff2    00000002     main.obj (.int09)

WDT        0    0000fff4    00000002     
                  0000fff4    00000002     rts430_eabi.lib : int10.asm.obj (.int10)

COMPARATORA 
*          0    0000fff6    00000002     
                  0000fff6    00000002     rts430_eabi.lib : int11.asm.obj (.int11)

TIMER1_A1 
*          0    0000fff8    00000002     
                  0000fff8    00000002     rts430_eabi.lib : int12.asm.obj (.int12)

TIMER1_A0 
*          0    0000fffa    00000002     
                  0000fffa    00000002     rts430_eabi.lib : int13.asm.obj (.int13)

NMI        0    0000fffc    00000002     
                  0000fffc    00000002     rts430_eabi.lib : int14.asm.obj (.int14)

.reset     0    0000fffe    00000002     
                  0000fffe    00000002     rts430_eabi.lib : boot.c.obj (.reset)

$fill000   0    0000ffde    00000002     
                  0000ffde    00000002     --HOLE-- [fill = ffff]

MODULE SUMMARY

       Module                       code   ro data   rw data
       ------                       ----   -------   -------
    .\
       main.obj                     666    2         42     
    +--+----------------------------+------+---------+---------+
       Total:                       666    2         42     
                                                            
    C:\ti\ccs2011\ccs\tools\compiler\ti-cgt-msp430_21.6.1.LTS\lib\rts430_eabi.lib
       copy_decompress_lzss.c.obj   124    0         0      
       lsr32.asm.obj                92     0         0      
       div32u.asm.obj               88     0         0      
       lsr16.asm.obj                76     0         0      
       autoinit.c.obj               66     0         0      
       lsl16.asm.obj                44     0         0      
       boot.c.obj                   28     2         0      
       div16u.asm.obj               22     0         0      
       copy_decompress_none.c.obj   18     0         0      
       memcpy.c.obj                 18     0         0      
       epilog.asm.obj               16     0         0      
       isr_trap.asm.obj             8      0         0      
       exit.c.obj                   6      0         0      
       pre_init.c.obj               4      0         0      
       int00.asm.obj                0      2         0      
       int02.asm.obj                0      2         0      
       int03.asm.obj                0      2         0      
       int05.asm.obj                0      2         0      
       int06.asm.obj                0      2         0      
       int07.asm.obj                0      2         0      
       int08.asm.obj                0      2         0      
       int10.asm.obj                0      2         0      
       int11.asm.obj                0      2         0      
       int12.asm.obj                0      2         0      
       int13.asm.obj                0      2         0      
       int14.asm.obj                0      2         0      
       startup.c.obj                2      0         0      
    +--+----------------------------+------+---------+---------+
       Total:                       612    26        0      
                                                            
       Stack:                       0      0         80     
       Linker Generated:            0      16        0      
    +--+----------------------------+------+---------+---------+
       Grand Total:                 1278   44        122    


LINKER GENERATED COPY TABLES

__TI_cinit_table @ 0000c50a records: 1, size/record: 4, table size: 4
	.data: load addr=0000c4fe, load size=00000008 bytes, run addr=00000200, run size=0000002a bytes, compression=lzss


LINKER GENERATED HANDLER TABLE

__TI_handler_table @ 0000c506 records: 2, size/record: 2, table size: 4
	index: 0, handler: __TI_decompress_lzss
	index: 1, handler: __TI_decompress_none


GLOBAL SYMBOLS: SORTED ALPHABETICALLY BY Name 

address   name                          
-------   ----                          
0000004a  ADC10AE0                      
000001b0  ADC10CTL0                     
000001b2  ADC10CTL1                     
00000048  ADC10DTC0                     
00000049  ADC10DTC1                     
000001b4  ADC10MEM                      
000001bc  ADC10SA                       
00000057  BCSCTL1                       
00000058  BCSCTL2                       
00000053  BCSCTL3                       
0000c4f2  C$$EXIT                       
00000059  CACTL1                        
0000005a  CACTL2                        
000010fb  CALBC1_12MHZ                  
000010f9  CALBC1_16MHZ                  
000010ff  CALBC1_1MHZ                   
000010fd  CALBC1_8MHZ                   
000010fa  CALDCO_12MHZ                  
000010f8  CALDCO_16MHZ                  
000010fe  CALDCO_1MHZ                   
000010fc  CALDCO_8MHZ                   
0000005b  CAPD                          
00000056  DCOCTL                        
00000128  FCTL1                         
0000012a  FCTL2                         
0000012c  FCTL3                         
00000000  IE1                           
00000001  IE2                           
00000002  IFG1                          
00000003  IFG2                          
00000022  P1DIR                         
00000025  P1IE                          
00000024  P1IES                         
00000023  P1IFG                         
00000020  P1IN                          
00000021  P1OUT                         
00000027  P1REN                         
00000026  P1SEL                         
00000041  P1SEL2                        
0000002a  P2DIR                         
0000002d  P2IE                          
0000002c  P2IES                         
0000002b  P2IFG                         
00000028  P2IN                          
00000029  P2OUT                         
0000002f  P2REN                         
0000002e  P2SEL                         
00000042  P2SEL2                        
0000001a  P3DIR                         
00000018  P3IN                          
00000019  P3OUT                         
00000010  P3REN                         
0000001b  P3SEL                         
00000043  P3SEL2                        
00000172  TA0CCR0                       
00000174  TA0CCR1                       
00000176  TA0CCR2                       
00000162  TA0CCTL0                      
00000164  TA0CCTL1                      
00000166  TA0CCTL2                      
00000160  TA0CTL                        
0000012e  TA0IV                         
00000170  TA0R                          
00000192  TA1CCR0                       
00000194  TA1CCR1                       
00000196  TA1CCR2                       
00000182  TA1CCTL0                      
00000184  TA1CCTL1                      
00000186  TA1CCTL2                      
00000180  TA1CTL                        
0000011e  TA1IV                         
00000190  TA1R                          
000010db  TLV_ADC10_1_LEN               
000010da  TLV_ADC10_1_TAG               
000010c0  TLV_CHECKSUM                  
000010f7  TLV_DCO_30_LEN                
000010f6  TLV_DCO_30_TAG                
0000c4e0  Timer_A_ISR                   
0000005d  UCA0ABCTL                     
00000062  UCA0BR0                       
00000063  UCA0BR1                       
00000060  UCA0CTL0                      
00000061  UCA0CTL1                      
0000005f  UCA0IRRCTL                    
0000005e  UCA0IRTCTL                    
00000064  UCA0MCTL                      
00000066  UCA0RXBUF                     
00000065  UCA0STAT                      
00000067  UCA0TXBUF                     
0000006a  UCB0BR0                       
0000006b  UCB0BR1                       
00000068  UCB0CTL0                      
00000069  UCB0CTL1                      
0000006c  UCB0I2CIE                     
00000118  UCB0I2COA                     
0000011a  UCB0I2CSA                     
0000006e  UCB0RXBUF                     
0000006d  UCB0STAT                      
0000006f  UCB0TXBUF                     
00000120  WDTCTL                        
00000400  __STACK_END                   
00000050  __STACK_SIZE                  
0000c50a  __TI_CINIT_Base               
0000c50e  __TI_CINIT_Limit              
0000c50e  __TI_CINIT_Warm               
0000c506  __TI_Handler_Table_Base       
0000c50a  __TI_Handler_Table_Limit      
0000c4ea  __TI_ISR_TRAP                 
0000c36a  __TI_auto_init_nobinit_nopinit
0000c1ee  __TI_decompress_lzss          
0000c48e  __TI_decompress_none          
0000ffe0  __TI_int00                    
0000ffe4  __TI_int02                    
0000ffe6  __TI_int03                    
0000ffea  __TI_int05                    
0000ffec  __TI_int06                    
0000ffee  __TI_int07                    
0000fff0  __TI_int08                    
0000fff2  __TI_int09                    
0000fff4  __TI_int10                    
0000fff6  __TI_int11                    
0000fff8  __TI_int12                    
0000fffa  __TI_int13                    
0000fffc  __TI_int14                    
ffffffff  __TI_pprof_out_hndl           
ffffffff  __TI_prof_data_size           
ffffffff  __TI_prof_data_start          
ffffffff  __c_args__                    
0000c464  __mspabi_divu                 
0000c2c6  __mspabi_divul                
0000c4d0  __mspabi_func_epilog_1        
0000c4ce  __mspabi_func_epilog_2        
0000c4cc  __mspabi_func_epilog_3        
0000c4ca  __mspabi_func_epilog_4        
0000c4c8  __mspabi_func_epilog_5        
0000c4c6  __mspabi_func_epilog_6        
0000c4c4  __mspabi_func_epilog_7        
0000c464  __mspabi_remu                 
0000c2c6  __mspabi_remul                
0000c3ac  __mspabi_slli                 
0000c3d4  __mspabi_slli_1               
0000c3c2  __mspabi_slli_10              
0000c3c0  __mspabi_slli_11              
0000c3be  __mspabi_slli_12              
0000c3bc  __mspabi_slli_13              
0000c3ba  __mspabi_slli_14              
0000c3b8  __mspabi_slli_15              
0000c3d2  __mspabi_slli_2               
0000c3d0  __mspabi_slli_3               
0000c3ce  __mspabi_slli_4               
0000c3cc  __mspabi_slli_5               
0000c3ca  __mspabi_slli_6               
0000c3c8  __mspabi_slli_7               
0000c3c6  __mspabi_slli_8               
0000c3c4  __mspabi_slli_9               
0000c31e  __mspabi_srli                 
0000c364  __mspabi_srli_1               
0000c340  __mspabi_srli_10              
0000c33c  __mspabi_srli_11              
0000c338  __mspabi_srli_12              
0000c334  __mspabi_srli_13              
0000c330  __mspabi_srli_14              
0000c32c  __mspabi_srli_15              
0000c360  __mspabi_srli_2               
0000c35c  __mspabi_srli_3               
0000c358  __mspabi_srli_4               
0000c354  __mspabi_srli_5               
0000c350  __mspabi_srli_6               
0000c34c  __mspabi_srli_7               
0000c348  __mspabi_srli_8               
0000c344  __mspabi_srli_9               
0000c2be  __mspabi_srll_1               
0000c288  __mspabi_srll_10              
0000c282  __mspabi_srll_11              
0000c27c  __mspabi_srll_12              
0000c276  __mspabi_srll_13              
0000c270  __mspabi_srll_14              
0000c26a  __mspabi_srll_15              
0000c2b8  __mspabi_srll_2               
0000c2b2  __mspabi_srll_3               
0000c2ac  __mspabi_srll_4               
0000c2a6  __mspabi_srll_5               
0000c2a0  __mspabi_srll_6               
0000c29a  __mspabi_srll_7               
0000c294  __mspabi_srll_8               
0000c28e  __mspabi_srll_9               
0000c448  _c_int00_noargs               
0000fffe  _reset_vector                 
000003b0  _stack                        
0000c4fc  _system_post_cinit            
0000c4f8  _system_pre_init              
0000c4f2  abort                         
00000200  adc_buffer                    
00000218  adc_index                     
0000021e  bpm_history                   
0000021d  bpm_index                     
0000c3d8  get_bpm_average               
0000c428  get_smoothed_adc              
00000214  last_beat_time                
0000c000  main                          
0000c4a0  memcpy                        
00000210  millis                        
0000021a  prev_adc                      
0000021c  pulse_detected                
0000c100  send_bpm                      
0000c47a  setup_timer                   
0000c402  setup_uart                    
0000c4d4  uart_send_char                
0000c4b2  uart_send_string              


GLOBAL SYMBOLS: SORTED BY Symbol Address 

address   name                          
-------   ----                          
00000000  IE1                           
00000001  IE2                           
00000002  IFG1                          
00000003  IFG2                          
00000010  P3REN                         
00000018  P3IN                          
00000019  P3OUT                         
0000001a  P3DIR                         
0000001b  P3SEL                         
00000020  P1IN                          
00000021  P1OUT                         
00000022  P1DIR                         
00000023  P1IFG                         
00000024  P1IES                         
00000025  P1IE                          
00000026  P1SEL                         
00000027  P1REN                         
00000028  P2IN                          
00000029  P2OUT                         
0000002a  P2DIR                         
0000002b  P2IFG                         
0000002c  P2IES                         
0000002d  P2IE                          
0000002e  P2SEL                         
0000002f  P2REN                         
00000041  P1SEL2                        
00000042  P2SEL2                        
00000043  P3SEL2                        
00000048  ADC10DTC0                     
00000049  ADC10DTC1                     
0000004a  ADC10AE0                      
00000050  __STACK_SIZE                  
00000053  BCSCTL3                       
00000056  DCOCTL                        
00000057  BCSCTL1                       
00000058  BCSCTL2                       
00000059  CACTL1                        
0000005a  CACTL2                        
0000005b  CAPD                          
0000005d  UCA0ABCTL                     
0000005e  UCA0IRTCTL                    
0000005f  UCA0IRRCTL                    
00000060  UCA0CTL0                      
00000061  UCA0CTL1                      
00000062  UCA0BR0                       
00000063  UCA0BR1                       
00000064  UCA0MCTL                      
00000065  UCA0STAT                      
00000066  UCA0RXBUF                     
00000067  UCA0TXBUF                     
00000068  UCB0CTL0                      
00000069  UCB0CTL1                      
0000006a  UCB0BR0                       
0000006b  UCB0BR1                       
0000006c  UCB0I2CIE                     
0000006d  UCB0STAT                      
0000006e  UCB0RXBUF                     
0000006f  UCB0TXBUF                     
00000118  UCB0I2COA                     
0000011a  UCB0I2CSA                     
0000011e  TA1IV                         
00000120  WDTCTL                        
00000128  FCTL1                         
0000012a  FCTL2                         
0000012c  FCTL3                         
0000012e  TA0IV                         
00000160  TA0CTL                        
00000162  TA0CCTL0                      
00000164  TA0CCTL1                      
00000166  TA0CCTL2                      
00000170  TA0R                          
00000172  TA0CCR0                       
00000174  TA0CCR1                       
00000176  TA0CCR2                       
00000180  TA1CTL                        
00000182  TA1CCTL0                      
00000184  TA1CCTL1                      
00000186  TA1CCTL2                      
00000190  TA1R                          
00000192  TA1CCR0                       
00000194  TA1CCR1                       
00000196  TA1CCR2                       
000001b0  ADC10CTL0                     
000001b2  ADC10CTL1                     
000001b4  ADC10MEM                      
000001bc  ADC10SA                       
00000200  adc_buffer                    
00000210  millis                        
00000214  last_beat_time                
00000218  adc_index                     
0000021a  prev_adc                      
0000021c  pulse_detected                
0000021d  bpm_index                     
0000021e  bpm_history                   
000003b0  _stack                        
00000400  __STACK_END                   
000010c0  TLV_CHECKSUM                  
000010da  TLV_ADC10_1_TAG               
000010db  TLV_ADC10_1_LEN               
000010f6  TLV_DCO_30_TAG                
000010f7  TLV_DCO_30_LEN                
000010f8  CALDCO_16MHZ                  
000010f9  CALBC1_16MHZ                  
000010fa  CALDCO_12MHZ                  
000010fb  CALBC1_12MHZ                  
000010fc  CALDCO_8MHZ                   
000010fd  CALBC1_8MHZ                   
000010fe  CALDCO_1MHZ                   
000010ff  CALBC1_1MHZ                   
0000c000  main                          
0000c100  send_bpm                      
0000c1ee  __TI_decompress_lzss          
0000c26a  __mspabi_srll_15              
0000c270  __mspabi_srll_14              
0000c276  __mspabi_srll_13              
0000c27c  __mspabi_srll_12              
0000c282  __mspabi_srll_11              
0000c288  __mspabi_srll_10              
0000c28e  __mspabi_srll_9               
0000c294  __mspabi_srll_8               
0000c29a  __mspabi_srll_7               
0000c2a0  __mspabi_srll_6               
0000c2a6  __mspabi_srll_5               
0000c2ac  __mspabi_srll_4               
0000c2b2  __mspabi_srll_3               
0000c2b8  __mspabi_srll_2               
0000c2be  __mspabi_srll_1               
0000c2c6  __mspabi_divul                
0000c2c6  __mspabi_remul                
0000c31e  __mspabi_srli                 
0000c32c  __mspabi_srli_15              
0000c330  __mspabi_srli_14              
0000c334  __mspabi_srli_13              
0000c338  __mspabi_srli_12              
0000c33c  __mspabi_srli_11              
0000c340  __mspabi_srli_10              
0000c344  __mspabi_srli_9               
0000c348  __mspabi_srli_8               
0000c34c  __mspabi_srli_7               
0000c350  __mspabi_srli_6               
0000c354  __mspabi_srli_5               
0000c358  __mspabi_srli_4               
0000c35c  __mspabi_srli_3               
0000c360  __mspabi_srli_2               
0000c364  __mspabi_srli_1               
0000c36a  __TI_auto_init_nobinit_nopinit
0000c3ac  __mspabi_slli                 
0000c3b8  __mspabi_slli_15              
0000c3ba  __mspabi_slli_14              
0000c3bc  __mspabi_slli_13              
0000c3be  __mspabi_slli_12              
0000c3c0  __mspabi_slli_11              
0000c3c2  __mspabi_slli_10              
0000c3c4  __mspabi_slli_9               
0000c3c6  __mspabi_slli_8               
0000c3c8  __mspabi_slli_7               
0000c3ca  __mspabi_slli_6               
0000c3cc  __mspabi_slli_5               
0000c3ce  __mspabi_slli_4               
0000c3d0  __mspabi_slli_3               
0000c3d2  __mspabi_slli_2               
0000c3d4  __mspabi_slli_1               
0000c3d8  get_bpm_average               
0000c402  setup_uart                    
0000c428  get_smoothed_adc              
0000c448  _c_int00_noargs               
0000c464  __mspabi_divu                 
0000c464  __mspabi_remu                 
0000c47a  setup_timer                   
0000c48e  __TI_decompress_none          
0000c4a0  memcpy                        
0000c4b2  uart_send_string              
0000c4c4  __mspabi_func_epilog_7        
0000c4c6  __mspabi_func_epilog_6        
0000c4c8  __mspabi_func_epilog_5        
0000c4ca  __mspabi_func_epilog_4        
0000c4cc  __mspabi_func_epilog_3        
0000c4ce  __mspabi_func_epilog_2        
0000c4d0  __mspabi_func_epilog_1        
0000c4d4  uart_send_char                
0000c4e0  Timer_A_ISR                   
0000c4ea  __TI_ISR_TRAP                 
0000c4f2  C$$EXIT                       
0000c4f2  abort                         
0000c4f8  _system_pre_init              
0000c4fc  _system_post_cinit            
0000c506  __TI_Handler_Table_Base       
0000c50a  __TI_CINIT_Base               
0000c50a  __TI_Handler_Table_Limit      
0000c50e  __TI_CINIT_Limit              
0000c50e  __TI_CINIT_Warm               
0000ffe0  __TI_int00                    
0000ffe4  __TI_int02                    
0000ffe6  __TI_int03                    
0000ffea  __TI_int05                    
0000ffec  __TI_int06                    
0000ffee  __TI_int07                    
0000fff0  __TI_int08                    
0000fff2  __TI_int09                    
0000fff4  __TI_int10                    
0000fff6  __TI_int11                    
0000fff8  __TI_int12                    
0000fffa  __TI_int13                    
0000fffc  __TI_int14                    
0000fffe  _reset_vector                 
ffffffff  __TI_pprof_out_hndl           
ffffffff  __TI_prof_data_size           
ffffffff  __TI_prof_data_start          
ffffffff  __c_args__                    

[209 symbols]
